This is LuaHBTeX, Version 1.24.0 (TeX Live 2026)  (format=lualatex 2026.7.14)  27 JUL 2026 12:33
 restricted system commands enabled.
 file:line:error style messages enabled.
**ltx-talk-und.tex
(./ltx-talk-und.tex
LaTeX2e <2026-06-01>
L3 programming layer <2026-06-18>
Lua module: luaotfload 2024-12-03 v3.29 Lua based OpenType font support
Lua module: lualibs 2023-07-13 v2.76 ConTeXt Lua standard libraries.
Lua module: lualibs-extended 2023-07-13 v2.76 ConTeXt Lua libraries -- extended 
collection.
luaotfload | conf : Root cache directory is "/Users/timothyprescott/Library/texl
ive/2026/texmf-var/luatex-cache/generic/names".
luaotfload | init : Loading fontloader "fontloader-2023-12-28.lua" from kpse-res
olved path "/usr/local/texlive/2026/texmf-dist/tex/luatex/luaotfload/fontloader-
2023-12-28.lua".
Lua-only attribute luaotfload@noligature = 1
luaotfload | init : Context OpenType loader version 3.134
Inserting `luaotfload.node_processor' in `pre_linebreak_filter'.
Inserting `luaotfload.node_processor' in `hpack_filter'.
Inserting `luaotfload.glyph_stream' in `glyph_stream_provider'.
Inserting `luaotfload.define_font' in `define_font'.
Lua-only attribute luaotfload_color_attribute = 2
luaotfload | conf : Root cache directory is "/Users/timothyprescott/Library/texl
ive/2026/texmf-var/luatex-cache/generic/names".
Inserting `luaotfload.harf.strip_prefix' in `find_opentype_file'.
Inserting `luaotfload.harf.strip_prefix' in `find_truetype_file'.
Removing  `luaotfload.glyph_stream' from `glyph_stream_provider'.
Inserting `luaotfload.harf.glyphstream' in `glyph_stream_provider'.
Inserting `luaotfload.harf.finalize_vlist' in `post_linebreak_filter'.
Inserting `luaotfload.harf.finalize_hlist' in `hpack_filter'.
Inserting `luaotfload.cleanup_files' in `wrapup_run'.
Inserting `luaotfload.harf.finalize_unicode' in `finish_pdffile'.
Inserting `luaotfload.glyphinfo' in `glyph_info'.
Lua-only attribute luaotfload.letterspace_done = 3
Inserting `luaotfload.aux.set_sscale_dimens' in `luaotfload.patch_font'.
Inserting `luaotfload.aux.set_font_index' in `luaotfload.patch_font'.
Inserting `luaotfload.aux.patch_cambria_domh' in `luaotfload.patch_font'.
Inserting `luaotfload.aux.fixup_fontdata' in `luaotfload.patch_font_unsafe'.
Inserting `luaotfload.aux.set_capheight' in `luaotfload.patch_font'.
Inserting `luaotfload.aux.set_xheight' in `luaotfload.patch_font'.
Inserting `luaotfload.rewrite_fontname' in `luaotfload.patch_font'.
Inserting `tracingstacklevels' in `input_level_string'.
(/usr/local/texlive/2026/texmf-dist/tex/latex/latex-lab/documentmetadata-suppor
t.ltx
(/usr/local/texlive/2026/texmf-dist/tex/latex/pdfmanagement/pdfmanagement-init.
sty
Package: pdfmanagement-init 2026-05-26 v0.97c LaTeX PDF management bundle
 (/usr/local/texlive/2026/texmf-dist/tex/latex/tagpdf/tagpdf-base.sty
Package: tagpdf-base 2026-05-17 v1.0c part of tagpdf - provide base, no-op vers
ions of the user commands 
\c@g__tag_MCID_abs_int=\count274
\c@g__tag_struct_abs_int=\count275
)
(/usr/local/texlive/2026/texmf-dist/tex/latex/pdfmanagement/pdfmanagement.ltx
File: pdfmanagement.ltx 2026-05-26 v0.97c PDF management code
\g__pdfmanagement_EmbeddedFiles_int=\count276
\l__pdfmeta_xmp_indent_int=\count277
\g_pdffile_embed_pdfa_int=\count278
\g_pdffile_embed_nonpdfa_int=\count279
\l_pdfoutline_open_int=\count280
\g__pdfoutline_id_int=\count281
\g__pdfoutline_current_level_int=\count282
))) (/usr/local/texlive/2026/texmf-dist/tex/latex/l3backend/l3backend-luatex.de
f
File: l3backend-luatex.def 2026-02-18 L3 backend support: PDF output (LuaTeX)
\l__color_backend_stack_int=\count283
Inserting `l3color' in `luaotfload.parse_color'.
Inserting `l3opacity' in `luaotfload.parse_transparent'.)
(/usr/local/texlive/2026/texmf-dist/tex/latex/pdfmanagement/l3backend-testphase
-luatex.def
File: l3backend-pdf-luatex.def 2026-05-26 v0.97c LaTeX PDF management bundle ba
ckend support: PDF output (LuaTeX)
\l__pdf_backend_tmpa_box=\box53
\l__pdf_backend_tmpb_box=\box54
\g__pdf_backend_resourceid_int=\count284
\g__pdf_backend_name_int=\count285
\g__pdf_backend_page_int=\count286
Custom whatsit pdf_link_adjust_level = 1
Inserting `linksplit' in `pre_shipout_filter'.
Lua function pdflinkadjustlevel = 31)
(/usr/local/texlive/2026/texmf-dist/tex/latex/latex-lab/latex-lab-testphase-lat
est.sty
Package: latex-lab-testphase-latest 2026-05-02 v0.1g latex-lab modules
 (/usr/local/texlive/2026/texmf-dist/tex/latex/tagpdf/tagpdf.sty
Package: tagpdf 2026-05-17 v1.0c  LaTeX kernel code for PDF tagging 
\l__tag_tmpa_int=\count287
\l__tag_tmpa_box=\box55
\l__tag_tmpb_box=\box56
\l__tag_loglevel_int=\count288
\g__tag_unique_cnt_int=\count289
\l__tag_tag_stop_int=\count290

(/usr/local/texlive/2026/texmf-dist/tex/latex/tagpdf/tagpdf-luatex.def
File: tagpdf-luatex.def 2026-05-17 v1.0c tagpdf driver for luatex
luaotfload | db : Font names database loaded from /Users/timothyprescott/Library
/texlive/2026/texmf-var/luatex-cache/generic/names/luaotfload-names.luc.gz
Lua module: tagpdf 2026-05-17 v1.0c tagpdf lua code
Lua-only attribute g__tag_mc_type_attr = 4
Lua-only attribute g__tag_mc_cnt_attr = 5
Lua-only attribute g__tag_structnum_attr = 6
Lua-only attribute g__tag_interwordspaceOff_attr = 7
Lua-only attribute g__tag_interwordspace_attr = 8
Lua-only attribute g__tag_interwordfont_attr = 9
Lua-only attribute l__tag_softhyphen_attr = 10
Inserting `tagpdf.rewrite-softhyphen' in `pre_shaping_filter'.
Inserting `tagpdf.rewrite-softhyphen' in `post_shaping_filter'.
Inserting `tagpdf' in `linksplit'.)
(/usr/local/texlive/2026/texmf-dist/tex/latex/tagpdf/tagpdf-mc-code-lua.sty
Package: tagpdf-mc-code-lua 2026-05-17 v1.0c tagpdf - mc code only for the luam
ode 
)
\g__tag_tree_id_pad_int=\count291
\c@g__tag_parenttree_obj_int=\count292

Package tagpdf Info: reading namespace definitions tagpdf-ns-pdf.def


Package tagpdf Info: reading namespace definitions tagpdf-ns-pdf2.def


Package tagpdf Info: reading namespace definitions tagpdf-ns-mathml.def


Package tagpdf Info: reading namespace definitions tagpdf-ns-latex-book.def


Package tagpdf Info: reading namespace definitions tagpdf-ns-latex.def


Package tagpdf Info: reading namespace definitions tagpdf-ns-latex-lab.def


Package tagpdf Info: reading namespace definitions tagpdf-ns-pdf.def


Package tagpdf Info: reading namespace definitions tagpdf-ns-pdf2.def

\g__tag_struct_AFobj_int=\count293
\g__tag_para_begin_int=\count294
\g__tag_para_end_int=\count295
\g__tag_para_main_begin_int=\count296
\g__tag_para_main_end_int=\count297
)
(/usr/local/texlive/2026/texmf-dist/tex/latex/latex-lab/latex-lab-testphase-nam
es.sty
Package: latex-lab-testphase-names 2026-04-28 v0.8k Code related to the names o
f tags
)
(/usr/local/texlive/2026/texmf-dist/tex/latex/latex-lab/latex-lab-testphase-new
-or-2.sty
Package: latex-lab-testphase-new-or-2 2026-01-16 v0.86d Changes to the output r
outine

(/usr/local/texlive/2026/texmf-dist/tex/latex/latex-lab/latex-lab-footnotes.ltx
File: latex-lab-footnotes.ltx 2026-04-28 v0.8p changes to the footnote interfac
es
\footnotemargin=\dimen149
\g_fnote_id_int=\count298
))
(/usr/local/texlive/2026/texmf-dist/tex/latex/latex-lab/latex-lab-testphase-blo
ck.sty
Package: latex-lab-testphase-block 2026-06-10 v1.0c blockenv implementation

LaTeX template Info: Declaring template type 'blockenv' taking 4 argument(s)
(template)           on line 195.


LaTeX template Info: Declaring template type 'list' taking 4 argument(s) on
(template)           line 196.


LaTeX template Info: Declaring template type 'captionedtext' taking 4
(template)           argument(s) on line 197.


LaTeX template Info: Declaring template type 'thmstyle' taking 4 argument(s)
(template)           on line 198.


LaTeX template Info: Declaring template type 'block' taking 1 argument(s) on
(template)           line 199.


LaTeX template Info: Declaring template type 'item' taking 1 argument(s) on
(template)           line 200.


LaTeX template Info: Declaring template type 'para' taking 1 argument(s) on
(template)           line 201.

\c@maxblocklevels=\count299
\l_para_begin_skip=\skip49
\l__block_unchained_skip=\skip50
\l__block_botsep_skip=\skip51
\l__block_parbotsep_skip=\skip52
\l__block_parindent_dim=\dimen150
\l__block_counter_start_int=\count300
\l__block_one_label_box=\box57
\g__block_labels_box=\box58
\l__block_tmpa_skip=\skip53
\l__block_effective_top_skip=\skip54
\l__block_effective_bot_skip=\skip55
\l__block_caption_before_skip=\skip56
\l__block_caption_after_skip=\skip57

LaTeX template Info: Declaring instance 'flushleft' of type blockenv on line
(template)           1489.


LaTeX template Info: Declaring instance 'flushright' of type blockenv on line
(template)           1493.

\@descriptiondepth=\count301

LaTeX template Info: Declaring instance 'remark' of type thmstyle on line
(template)           1791.


LaTeX template Info: Declaring instance 'definition' of type thmstyle on line
(template)           1796.


LaTeX template Info: Declaring instance 'legacy2e' of type thmstyle on line
(template)           1798.

LaTeX Info: Redefining \centering on input line 1894.
LaTeX Info: Redefining \raggedleft on input line 1895.
LaTeX Info: Redefining \raggedright on input line 1896.
LaTeX Info: Redefining \qed on input line 2238.

(/usr/local/texlive/2026/texmf-dist/tex/latex/latex-lab/latex-lab-enumitem.sty
Package: latex-lab-enumitem 2026-04-21 v0.80f Emulating enumitem
))
(/usr/local/texlive/2026/texmf-dist/tex/latex/latex-lab/latex-lab-testphase-con
text.sty
Package: latex-lab-testphase-context 2026-05-26 v0.6a Providing context for ins
tance, etc.
)
(/usr/local/texlive/2026/texmf-dist/tex/latex/latex-lab/latex-lab-kernel-change
s.sty
Package: latex-lab-kernel-changes 2026-04-27 v0.85j General kernel and class ch
anges
)
(/usr/local/texlive/2026/texmf-dist/tex/latex/latex-lab/latex-lab-testphase-sec
.sty
Package: latex-lab-testphase-sec 2026-04-28 v0.84o Code related to the tagging 
of heading commands
)
(/usr/local/texlive/2026/texmf-dist/tex/latex/latex-lab/latex-lab-testphase-sec
-template.sty
Package: latex-lab-testphase-sec-template 2026-05-25 v0.9g heading implementati
on

LaTeX template Info: Declaring template type 'heading' taking 9 argument(s) on
(template)           line 177.


LaTeX template Info: Declaring template type 'headformat' taking 6 argument(s)
(template)           on line 178.

\l__head_level_int=\count302
\l__head_before_skip=\skip58
\l__head_penalty_int=\count303
\l__head_after_penalty_skip=\skip59
\l__head_after_skip=\skip60
\l__head_heading_indent_dim=\dimen151
)
(/usr/local/texlive/2026/texmf-dist/tex/latex/latex-lab/latex-lab-testphase-toc
.sty
Package: latex-lab-testphase-toc 2026-04-28 v0.85k  Code related to the tagging
 of toc-like lists
\g__tag_toc_level_int=\count304
)
(/usr/local/texlive/2026/texmf-dist/tex/latex/latex-lab/latex-lab-testphase-min
ipage.sty
Package: latex-lab-testphase-minipage 2026-04-24 v0.81k Code related to the tag
ging of minipages and parboxes
)
(/usr/local/texlive/2026/texmf-dist/tex/latex/latex-lab/latex-lab-testphase-gra
phic.sty
Package: latex-lab-testphase-graphic 2026-04-28 v0.80i Code related to the tagg
ing of graphics
\g__tag_graphic_int=\count305
)
(/usr/local/texlive/2026/texmf-dist/tex/latex/latex-lab/latex-lab-testphase-flo
at.sty
Package: latex-lab-testphase-float 2026-04-24 v0.81n Code related to the taggin
g of floats
\g__tag_float_int=\count306
)
(/usr/local/texlive/2026/texmf-dist/tex/latex/latex-lab/latex-lab-testphase-bib
.sty
Package: latex-lab-testphase-bib 2026-05-28 v0.81f Code related to the tagging 
of bibliography and cite command
)
(/usr/local/texlive/2026/texmf-dist/tex/latex/latex-lab/latex-lab-testphase-tex
t.sty
Package: latex-lab-testphase-text 2026-04-27 v0.85g Code related to the tagging
 of various small text commands
LaTeX Info: Redefining \mbox on input line 108.
)
(/usr/local/texlive/2026/texmf-dist/tex/latex/latex-lab/latex-lab-testphase-mar
ginpar.sty
Package: latex-lab-testphase-marginpar 2026-04-24 v0.85i Changes related to the
 tagging of the margin notes
\g__kernel_marginpar_int=\count307
)
(/usr/local/texlive/2026/texmf-dist/tex/latex/latex-lab/latex-lab-testphase-tit
le.sty
Package: latex-lab-testphase-title 2026-05-27 v0.85g Changes related to the tag
ging of the title
)
(/usr/local/texlive/2026/texmf-dist/tex/latex/latex-lab/latex-lab-testphase-tab
le.sty
Package: latex-lab-testphase-table 2026-04-28 v0.85t Code related to the taggin
g of tables
 (/usr/local/texlive/2026/texmf-dist/tex/latex/tools/array.sty
Package: array 2026/02/24 v2.7b Tabular extension package (FMi)
\col@sep=\dimen152
\ar@mcellbox=\box59
\extrarowheight=\dimen153
\NC@list=\toks17
\extratabsurround=\skip61
\backup@length=\skip62
\ar@cellbox=\box60
))
(/usr/local/texlive/2026/texmf-dist/tex/latex/latex-lab/latex-lab-testphase-mat
h.sty
Package: latex-lab-testphase-math 2025-03-10 v0.8d code related to the math tag
ging

(/usr/local/texlive/2026/texmf-dist/tex/latex/latex-lab/latex-lab-math.ltx
File: latex-lab-math.ltx 2026-05-27 v0.7e Grab all the math(s) and tag it
\l__math_tmpa_skip=\skip63
\g__math_mathml_total_int=\count308
\g__math_mathml_int=\count309
\g__math_math_total_int=\count310
\g__math_mathml_AF_found_int=\count311
\g__math_mathml_AF_attached_int=\count312
\l__math_tmpa_box=\box61
\l__math_mathstyle_int=\count313
\g__math_mathchoice_int=\count314
\l__math_grab_env_int=\count315
\g__math_postdisplaypenalty_int=\count316
)
(/usr/local/texlive/2026/texmf-dist/tex/latex/latex-lab/latex-lab-mathpkg.ltx
File: latex-lab-mathpkg.ltx 2026-05-11 v0.1e mathpkg adaptions
)
(/usr/local/texlive/2026/texmf-dist/tex/latex/latex-lab/latex-lab-mathintent.lt
x
File: latex-lab-mathintent.ltx 2026-01-16 v0.1c MathML intent attributes
))
(/usr/local/texlive/2026/texmf-dist/tex/latex/latex-lab/latex-lab-testphase-fir
staid.sty
Package: latex-lab-testphase-firstaid 2026-06-08 v0.85x Temporary patches to ex
ternal packages needed for the tagging project
)
(/usr/local/texlive/2026/texmf-dist/tex/latex/latex-lab/latex-lab-testphase-tik
z.sty
Package: latex-lab-testphase-tikz 2026-05-12 v0.80i Code related to the tagging
 of tikz pictures
))
(/usr/local/texlive/2026/texmf-dist/tex/latex/pdfmanagement/pdfmanagement-first
aid.sty
Package: pdfmanagement-firstaid 2026-05-26 v0.97c LaTeX PDF management bundle /
 firstaid-patches

Package pdfmanagement Info: loading pdfmanagement firstaid code for pgf

)
Inserting `markspaces' in `pre_linebreak_filter'.
Inserting `markspaces' in `hpack_filter'. (/usr/local/texlive/2026/texmf-dist/t
ex/latex/ltx-talk/ltx-talk.cls
Document Class: ltx-talk 2026-07-02 v0.5.1 A class for typesetting presentation
s
\l__talk_tmp_box=\box62
\l__talk_fontsize_dim=\dimen154
(/usr/local/texlive/2026/texmf-dist/tex/latex/base/size11.clo
File: size11.clo 2025/01/22 v1.4n Standard LaTeX file (size option)
)
\c__talk_paper_height_dim=\dimen155
\c__talk_paper_width_dim=\dimen156

(/usr/local/texlive/2026/texmf-dist/tex/latex/geometry/geometry.sty
Package: geometry 2026/03/07 v6.0 Page Geometry

(/usr/local/texlive/2026/texmf-dist/tex/latex/graphics/keyval.sty
Package: keyval 2026-05-17 v1.15 key=value parser (DPC)
\KV@toks@=\toks18
)
(/usr/local/texlive/2026/texmf-dist/tex/generic/iftex/ifvtex.sty
Package: ifvtex 2019/10/25 v1.7 ifvtex legacy package. Use iftex instead.

(/usr/local/texlive/2026/texmf-dist/tex/generic/iftex/iftex.sty
Package: iftex 2024/12/12 v1.0g TeX engine tests
))
\Gm@cnth=\count317
\Gm@cntv=\count318
\c@Gm@tempcnt=\count319
\Gm@bindingoffset=\dimen157
\Gm@wd@mp=\dimen158
\Gm@odd@mp=\dimen159
\Gm@even@mp=\dimen160
\Gm@layoutwidth=\dimen161
\Gm@layoutheight=\dimen162
\Gm@layouthoffset=\dimen163
\Gm@layoutvoffset=\dimen164
\Gm@dimlist=\toks19
)
(/usr/local/texlive/2026/texmf-dist/tex/latex/amsmath/amsmath.sty
Package: amsmath 2026/05/19 v2.18d AMS math features
\@mathmargin=\skip64

For additional information on amsmath, use the `?' option.
(/usr/local/texlive/2026/texmf-dist/tex/latex/amsmath/amstext.sty
Package: amstext 2024/11/17 v2.01 AMS text

(/usr/local/texlive/2026/texmf-dist/tex/latex/amsmath/amsgen.sty
File: amsgen.sty 1999/11/30 v2.0 generic functions
\@emptytoks=\toks20
\ex@=\dimen165
))
(/usr/local/texlive/2026/texmf-dist/tex/latex/amsmath/amsbsy.sty
Package: amsbsy 1999/11/29 v1.2d Bold Symbols
\pmbraise@=\dimen166
)
(/usr/local/texlive/2026/texmf-dist/tex/latex/amsmath/amsopn.sty
Package: amsopn 2022/04/08 v2.04 operator names
)
\inf@bad=\count320
LaTeX Info: Redefining \frac on input line 235.
\uproot@=\count321
\leftroot@=\count322
LaTeX Info: Redefining \overline on input line 398.
LaTeX Info: Redefining \colon on input line 409.
\classnum@=\count323
\DOTSCASE@=\count324
LaTeX Info: Redefining \ldots on input line 495.
LaTeX Info: Redefining \dots on input line 498.
LaTeX Info: Redefining \cdots on input line 619.
\Mathstrutbox@=\box63
\strutbox@=\box64
LaTeX Info: Redefining \big on input line 721.
LaTeX Info: Redefining \Big on input line 722.
LaTeX Info: Redefining \bigg on input line 723.
LaTeX Info: Redefining \Bigg on input line 724.
\big@size=\dimen167
LaTeX Font Info:    Redeclaring font encoding OML on input line 742.
LaTeX Font Info:    Redeclaring font encoding OMS on input line 743.
\macc@depth=\count325
LaTeX Info: Redefining \bmod on input line 904.
LaTeX Info: Redefining \pmod on input line 909.
LaTeX Info: Redefining \smash on input line 939.
LaTeX Info: Redefining \relbar on input line 969.
LaTeX Info: Redefining \Relbar on input line 970.
\c@MaxMatrixCols=\count326
\dotsspace@=\muskip17
\c@parentequation=\count327
\dspbrk@lvl=\count328
\tag@help=\toks21
\row@=\count329
\column@=\count330
\maxfields@=\count331
\andhelp@=\toks22
\eqnshift@=\dimen168
\alignsep@=\dimen169
\tagshift@=\dimen170
\tagwidth@=\dimen171
\totwidth@=\dimen172
\lineht@=\dimen173
\@envbody=\toks23
\multlinegap=\skip65
\multlinetaggap=\skip66
\mathdisplay@stack=\toks24
LaTeX Info: Redefining \[ on input line 2965.
LaTeX Info: Redefining \] on input line 2966.
)
(/usr/local/texlive/2026/texmf-dist/tex/latex/latex-lab/latex-lab-amsmath.ltx
File: latex-lab-amsmath.ltx 2026-04-25 v0.1j amsmath adaptions
LaTeX Info: Redefining \eqref on input line 58.
\l__luamml_struct_tmpa_int=\count332
)
(/usr/local/texlive/2026/texmf-dist/tex/latex/fontspec/fontspec.sty
(/usr/local/texlive/2026/texmf-dist/tex/latex/l3packages/xparse/xparse.sty
(/usr/local/texlive/2026/texmf-dist/tex/latex/l3kernel/expl3.sty
Package: expl3 2026-06-18 L3 programming layer (loader) 
)
Package: xparse 2025-10-09 L3 Experimental document command parser
)
Package: fontspec 2025/09/29 v2.9g Font selection for XeLaTeX and LuaLaTeX
Lua module: fontspec 2025/09/29 v2.9g Font selection for XeLaTeX and LuaLaTeX
(/usr/local/texlive/2026/texmf-dist/tex/latex/fontspec/fontspec-luatex.sty
Package: fontspec-luatex 2025/09/29 v2.9g Font selection for XeLaTeX and LuaLaT
eX
\l__fontspec_script_int=\count333
\l__fontspec_language_int=\count334
\l__fontspec_strnum_int=\count335
\l__fontspec_tmp_int=\count336
\l__fontspec_tmpa_int=\count337
\l__fontspec_tmpb_int=\count338
\l__fontspec_tmpc_int=\count339
\l__fontspec_em_int=\count340
\l__fontspec_emdef_int=\count341
\l__fontspec_strong_int=\count342
\l__fontspec_strongdef_int=\count343
\l__fontspec_tmpa_dim=\dimen174
\l__fontspec_tmpb_dim=\dimen175
\l__fontspec_tmpc_dim=\dimen176

(/usr/local/texlive/2026/texmf-dist/tex/latex/base/fontenc.sty
Package: fontenc 2025/07/18 v2.1d Standard LaTeX package
)
(/usr/local/texlive/2026/texmf-dist/tex/latex/fontspec/fontspec.cfg)))
(/usr/local/texlive/2026/texmf-dist/tex/latex/mathtools/mathtools.sty
Package: mathtools 2024/10/04 v1.31 mathematical typesetting tools

(/usr/local/texlive/2026/texmf-dist/tex/latex/tools/calc.sty
Package: calc 2025/03/01 v4.3b Infix arithmetic (KKT,FJ)
\calc@Acount=\count344
\calc@Bcount=\count345
\calc@Adimen=\dimen177
\calc@Bdimen=\dimen178
\calc@Askip=\skip67
\calc@Bskip=\skip68
LaTeX Info: Redefining \setlength on input line 86.
LaTeX Info: Redefining \addtolength on input line 87.
\calc@Ccount=\count346
\calc@Cskip=\skip69
)
(/usr/local/texlive/2026/texmf-dist/tex/latex/mathtools/mhsetup.sty
Package: mhsetup 2021/03/18 v1.4 programming setup (MH)
)
\g_MT_multlinerow_int=\count347
\l_MT_multwidth_dim=\dimen179
\origjot=\skip70
\l_MT_shortvdotswithinadjustabove_dim=\dimen180
\l_MT_shortvdotswithinadjustbelow_dim=\dimen181
\l_MT_above_intertext_sep=\dimen182
\l_MT_below_intertext_sep=\dimen183
\l_MT_above_shortintertext_sep=\dimen184
\l_MT_below_shortintertext_sep=\dimen185
\xmathstrut@box=\box65
\xmathstrut@dim=\dimen186
)
(/usr/local/texlive/2026/texmf-dist/tex/latex/latex-lab/latex-lab-mathtools.ltx
File: latex-lab-mathtools.ltx 2026-04-25 0.80e mathtools adaptions
)
(/usr/local/texlive/2026/texmf-dist/tex/lualatex/lua-unicode-math/lua-unicode-m
ath.sty
Package: lua-unicode-math 2026-06-18 v0.9 Opentype Math support for LuaLaTeX
\g__l_uni_math_font_count_int=\count348
LaTeX Font Info:    Overwriting math alphabet `\mathrm' in version `normal'
(Font)                  OT1/cmr/m/n --> TU/lmr/m/n on input line 173.
LaTeX Font Info:    Overwriting math alphabet `\mathit' in version `normal'
(Font)                  OT1/cmr/m/it --> TU/lmr/m/it on input line 173.
LaTeX Font Info:    Overwriting math alphabet `\mathbf' in version `normal'
(Font)                  OT1/cmr/bx/n --> TU/lmr/bx/n on input line 173.
LaTeX Font Info:    Overwriting math alphabet `\mathsf' in version `normal'
(Font)                  OT1/cmss/m/n --> TU/lmss/m/n on input line 173.
LaTeX Font Info:    Overwriting math alphabet `\mathsf' in version `bold'
(Font)                  OT1/cmss/bx/n --> TU/lmss/bx/n on input line 173.
LaTeX Font Info:    Overwriting math alphabet `\mathtt' in version `normal'
(Font)                  OT1/cmtt/m/n --> TU/lmtt/m/n on input line 173.
LaTeX Font Info:    Overwriting math alphabet `\mathtt' in version `bold'
(Font)                  OT1/cmtt/m/n --> TU/lmtt/bx/n on input line 173.
\symlummain=\mathgroup4
LaTeX Font Info:    Overwriting symbol font `lummain' in version `bold'
(Font)                  TU/lmm/m/n --> TU/lmm/b/n on input line 180.
\mathfamattr=\attribute11
Lua-only attribute leftroot = 12
Lua-only attribute uproot = 13
Inserting `lua-unicode-math' in `pre_mlist_to_hlist_filter'.
Custom whatsit prime = 2
Lua function prime_helper:w = 32
Custom whatsit not = 3
Lua function not = 33
Custom whatsit dots = 4
Lua function dots = 34
Lua function __l_uni_math_set_previous_dots_type:w = 35
Lua function __l_uni_math_set_mathstyle_mappings:NNNNNN = 36
Lua function __l_uni_math_uproot:w = 37
Lua function __l_uni_math_leftroot:w = 38
Lua function __l_uni_math_is_integral_cp:wTF = 39
Lua function __l_uni_math_every_math_size: = 40
\g__l_uni_math_max_mathstyle_int=\count349

(/usr/local/texlive/2026/texmf-dist/tex/latex/unicode-math/unicode-math-table.t
ex)

LaTeX template Info: Declaring template type 'lua-unicode-math-style' taking 0
(template)           argument(s) on line 519.


LaTeX template Info: Declaring template type 'lua-unicode-math-style-cmd'
(template)           taking 1 argument(s) on line 520.

)
(/usr/local/texlive/2026/texmf-dist/tex/latex/latex-lab/latex-lab-unicode-math.
ltx
File: latex-lab-unicode-math.ltx 2026-01-16 v0.1f unicode-mathadaptions
LaTeX Info: Redefining \frac on input line 106.
)
(/usr/local/texlive/2026/texmf-dist/tex/latex/newcomputermodern/NewCMSans10-Reg
ular.fontspec)

Package fontspec Info: 
(fontspec)             Font family 'NewCMSans10-Regular.otf(0)' created for
(fontspec)             font 'NewCMSans10-Regular.otf' with options
(fontspec)             [Ligatures=TeX,UprightFont={NewCMSans10-Regular.otf},Upr
ightFeatures={SizeFeatures={{Size={-8},Font={NewCMSans08-Regular.otf}},{Size={8
},Font={NewCMSans08-Regular.otf}},{Size={8-},Font={NewCMSans10-Regular.otf}},}}
,ItalicFont={NewCMSans10-Oblique.otf},ItalicFeatures={SizeFeatures={{Size={-8},
Font={NewCMSans08-Oblique.otf}},{Size={8},Font={NewCMSans08-Oblique.otf}},{Size
={8-},Font={NewCMSans10-Oblique.otf}},}},BoldFont={NewCMSans10-Bold.otf},BoldFe
atures={SizeFeatures={{Size={0-},Font={NewCMSans10-Bold.otf}},}},BoldItalicFont
={NewCMSans10-BoldOblique.otf},BoldItalicFeatures={SizeFeatures={{Size={0-},Fon
t={NewCMSans10-BoldOblique.otf}},}},SlantedFont={NewCMSans10-Regular.otf},Slant
edFeatures={SizeFeatures={{Size={-8},FakeSlant={0.25},Font={NewCMSans08-Regular
.otf}},{Size={8},FakeSlant={0.25},Font={NewCMSans08-Regular.otf}},{Size={8-},Fa
keSlant={0.25},Font={NewCMSans10-Regular.otf}},}},BoldSlantedFont={NewCMSans10-
Bold.otf},BoldSlantedFeatures={SizeFeatures={{Size={0-},FakeSlant={0.25},Font={
NewCMSans10-Bold.otf}},}},SwashFont={NewCMSans10-Regular.otf},SwashFeatures={Si
zeFeatures={{Size={-8},Font={NewCMSans08-Regular.otf}},{Size={8},Font={NewCMSan
s08-Regular.otf}},{Size={8-},Font={NewCMSans10-Regular.otf}},}},BoldSwashFont={
NewCMSans10-Bold.otf},BoldSwashFeatures={SizeFeatures={{Size={0-},Font={NewCMSa
ns10-Bold.otf}},}}].
(fontspec)              
(fontspec)              This font family consists of the following NFSS
(fontspec)             series/shapes:
(fontspec)              
(fontspec)             - 'normal' (m/n) with NFSS spec.:
(fontspec)             <-8>"[NewCMSans08-Regular.otf]:mode=node;script=latn;lan
guage=dflt;+tlig;"<8>"[NewCMSans08-Regular.otf]:mode=node;script=latn;language=
dflt;+tlig;"<8->"[NewCMSans10-Regular.otf]:mode=node;script=latn;language=dflt;
+tlig;"
(fontspec)             - 'small caps'  (m/sc) with NFSS spec.:
(fontspec)             <-8>"[NewCMSans08-Regular.otf]:mode=node;script=latn;lan
guage=dflt;+tlig;+smcp;"<8>"[NewCMSans08-Regular.otf]:mode=node;script=latn;lan
guage=dflt;+tlig;+smcp;"<8->"[NewCMSans10-Regular.otf]:mode=node;script=latn;la
nguage=dflt;+tlig;+smcp;"
(fontspec)             - 'bold' (b/n) with NFSS spec.:
(fontspec)             <0->"[NewCMSans10-Bold.otf]:mode=node;script=latn;langua
ge=dflt;+tlig;"
(fontspec)             - 'bold small caps'  (b/sc) with NFSS spec.:
(fontspec)             <0->"[NewCMSans10-Bold.otf]:mode=node;script=latn;langua
ge=dflt;+tlig;+smcp;"
(fontspec)             - 'italic' (m/it) with NFSS spec.:
(fontspec)             <-8>"[NewCMSans08-Oblique.otf]:mode=node;script=latn;lan
guage=dflt;+tlig;"<8>"[NewCMSans08-Oblique.otf]:mode=node;script=latn;language=
dflt;+tlig;"<8->"[NewCMSans10-Oblique.otf]:mode=node;script=latn;language=dflt;
+tlig;"
(fontspec)             - 'italic small caps'  (m/scit) with NFSS spec.:
(fontspec)             <-8>"[NewCMSans08-Oblique.otf]:mode=node;script=latn;lan
guage=dflt;+tlig;+smcp;"<8>"[NewCMSans08-Oblique.otf]:mode=node;script=latn;lan
guage=dflt;+tlig;+smcp;"<8->"[NewCMSans10-Oblique.otf]:mode=node;script=latn;la
nguage=dflt;+tlig;+smcp;"
(fontspec)             - 'slanted' (m/sl) with NFSS spec.:
(fontspec)             <-8>"[NewCMSans08-Regular.otf]:mode=node;script=latn;lan
guage=dflt;slant=0.25;+tlig;"<8>"[NewCMSans08-Regular.otf]:mode=node;script=lat
n;language=dflt;slant=0.25;+tlig;"<8->"[NewCMSans10-Regular.otf]:mode=node;scri
pt=latn;language=dflt;slant=0.25;+tlig;"
(fontspec)             - 'slanted small caps'  (m/scsl) with NFSS spec.:
(fontspec)             <-8>"[NewCMSans08-Regular.otf]:mode=node;script=latn;lan
guage=dflt;slant=0.25;+tlig;+smcp;"<8>"[NewCMSans08-Regular.otf]:mode=node;scri
pt=latn;language=dflt;slant=0.25;+tlig;+smcp;"<8->"[NewCMSans10-Regular.otf]:mo
de=node;script=latn;language=dflt;slant=0.25;+tlig;+smcp;"
(fontspec)             - 'swash' (m/sw) with NFSS spec.:
(fontspec)             <-8>"[NewCMSans08-Regular.otf]:mode=node;script=latn;lan
guage=dflt;+tlig;"<8>"[NewCMSans08-Regular.otf]:mode=node;script=latn;language=
dflt;+tlig;"<8->"[NewCMSans10-Regular.otf]:mode=node;script=latn;language=dflt;
+tlig;"
(fontspec)             -  (m/scsw) with NFSS spec.:
(fontspec)             <-8>"[NewCMSans08-Regular.otf]:mode=node;script=latn;lan
guage=dflt;+tlig;+smcp;"<8>"[NewCMSans08-Regular.otf]:mode=node;script=latn;lan
guage=dflt;+tlig;+smcp;"<8->"[NewCMSans10-Regular.otf]:mode=node;script=latn;la
nguage=dflt;+tlig;+smcp;"
(fontspec)             - 'bold italic' (b/it) with NFSS spec.:
(fontspec)             <0->"[NewCMSans10-BoldOblique.otf]:mode=node;script=latn
;language=dflt;+tlig;"
(fontspec)             - 'bold italic small caps'  (b/scit) with NFSS spec.:
(fontspec)             <0->"[NewCMSans10-BoldOblique.otf]:mode=node;script=latn
;language=dflt;+tlig;+smcp;"
(fontspec)             - 'bold slanted' (b/sl) with NFSS spec.:
(fontspec)             <0->"[NewCMSans10-Bold.otf]:mode=node;script=latn;langua
ge=dflt;slant=0.25;+tlig;"
(fontspec)             - 'bold slanted small caps'  (b/scsl) with NFSS spec.:
(fontspec)             <0->"[NewCMSans10-Bold.otf]:mode=node;script=latn;langua
ge=dflt;slant=0.25;+tlig;+smcp;"
(fontspec)             - 'bold swash' (b/sw) with NFSS spec.:
(fontspec)             <0->"[NewCMSans10-Bold.otf]:mode=node;script=latn;langua
ge=dflt;+tlig;"
(fontspec)             -  (b/scsw) with NFSS spec.:
(fontspec)             <0->"[NewCMSans10-Bold.otf]:mode=node;script=latn;langua
ge=dflt;+tlig;+smcp;"


Package fontspec Info: 
(fontspec)             Font family 'NewCMSans10-Regular.otf(1)' created for
(fontspec)             font 'NewCMSans10-Regular.otf' with options
(fontspec)             [UprightFont={NewCMSans10-Regular.otf},UprightFeatures={
SizeFeatures={{Size={-8},Font={NewCMSans08-Regular.otf}},{Size={8},Font={NewCMS
ans08-Regular.otf}},{Size={8-},Font={NewCMSans10-Regular.otf}},}},ItalicFont={N
ewCMSans10-Oblique.otf},ItalicFeatures={SizeFeatures={{Size={-8},Font={NewCMSan
s08-Oblique.otf}},{Size={8},Font={NewCMSans08-Oblique.otf}},{Size={8-},Font={Ne
wCMSans10-Oblique.otf}},}},BoldFont={NewCMSans10-Bold.otf},BoldFeatures={SizeFe
atures={{Size={0-},Font={NewCMSans10-Bold.otf}},}},BoldItalicFont={NewCMSans10-
BoldOblique.otf},BoldItalicFeatures={SizeFeatures={{Size={0-},Font={NewCMSans10
-BoldOblique.otf}},}},SlantedFont={NewCMSans10-Regular.otf},SlantedFeatures={Si
zeFeatures={{Size={-8},FakeSlant={0.25},Font={NewCMSans08-Regular.otf}},{Size={
8},FakeSlant={0.25},Font={NewCMSans08-Regular.otf}},{Size={8-},FakeSlant={0.25}
,Font={NewCMSans10-Regular.otf}},}},BoldSlantedFont={NewCMSans10-Bold.otf},Bold
SlantedFeatures={SizeFeatures={{Size={0-},FakeSlant={0.25},Font={NewCMSans10-Bo
ld.otf}},}},SwashFont={NewCMSans10-Regular.otf},SwashFeatures={SizeFeatures={{S
ize={-8},Font={NewCMSans08-Regular.otf}},{Size={8},Font={NewCMSans08-Regular.ot
f}},{Size={8-},Font={NewCMSans10-Regular.otf}},}},BoldSwashFont={NewCMSans10-Bo
ld.otf},BoldSwashFeatures={SizeFeatures={{Size={0-},Font={NewCMSans10-Bold.otf}
},}},Renderer=Basic].
(fontspec)              
(fontspec)              This font family consists of the following NFSS
(fontspec)             series/shapes:
(fontspec)              
(fontspec)             - 'normal' (m/n) with NFSS spec.:
(fontspec)             <-8>"[NewCMSans08-Regular.otf]:mode=base;script=latn;lan
guage=dflt;"<8>"[NewCMSans08-Regular.otf]:mode=base;script=latn;language=dflt;"
<8->"[NewCMSans10-Regular.otf]:mode=base;script=latn;language=dflt;"
(fontspec)             - 'small caps'  (m/sc) with NFSS spec.:
(fontspec)             <-8>"[NewCMSans08-Regular.otf]:mode=base;script=latn;lan
guage=dflt;+smcp;"<8>"[NewCMSans08-Regular.otf]:mode=base;script=latn;language=
dflt;+smcp;"<8->"[NewCMSans10-Regular.otf]:mode=base;script=latn;language=dflt;
+smcp;"
(fontspec)             - 'bold' (b/n) with NFSS spec.:
(fontspec)             <0->"[NewCMSans10-Bold.otf]:mode=base;script=latn;langua
ge=dflt;"
(fontspec)             - 'bold small caps'  (b/sc) with NFSS spec.:
(fontspec)             <0->"[NewCMSans10-Bold.otf]:mode=base;script=latn;langua
ge=dflt;+smcp;"
(fontspec)             - 'italic' (m/it) with NFSS spec.:
(fontspec)             <-8>"[NewCMSans08-Oblique.otf]:mode=base;script=latn;lan
guage=dflt;"<8>"[NewCMSans08-Oblique.otf]:mode=base;script=latn;language=dflt;"
<8->"[NewCMSans10-Oblique.otf]:mode=base;script=latn;language=dflt;"
(fontspec)             - 'italic small caps'  (m/scit) with NFSS spec.:
(fontspec)             <-8>"[NewCMSans08-Oblique.otf]:mode=base;script=latn;lan
guage=dflt;+smcp;"<8>"[NewCMSans08-Oblique.otf]:mode=base;script=latn;language=
dflt;+smcp;"<8->"[NewCMSans10-Oblique.otf]:mode=base;script=latn;language=dflt;
+smcp;"
(fontspec)             - 'slanted' (m/sl) with NFSS spec.:
(fontspec)             <-8>"[NewCMSans08-Regular.otf]:mode=base;script=latn;lan
guage=dflt;slant=0.25;"<8>"[NewCMSans08-Regular.otf]:mode=base;script=latn;lang
uage=dflt;slant=0.25;"<8->"[NewCMSans10-Regular.otf]:mode=base;script=latn;lang
uage=dflt;slant=0.25;"
(fontspec)             - 'slanted small caps'  (m/scsl) with NFSS spec.:
(fontspec)             <-8>"[NewCMSans08-Regular.otf]:mode=base;script=latn;lan
guage=dflt;slant=0.25;+smcp;"<8>"[NewCMSans08-Regular.otf]:mode=base;script=lat
n;language=dflt;slant=0.25;+smcp;"<8->"[NewCMSans10-Regular.otf]:mode=base;scri
pt=latn;language=dflt;slant=0.25;+smcp;"
(fontspec)             - 'swash' (m/sw) with NFSS spec.:
(fontspec)             <-8>"[NewCMSans08-Regular.otf]:mode=base;script=latn;lan
guage=dflt;"<8>"[NewCMSans08-Regular.otf]:mode=base;script=latn;language=dflt;"
<8->"[NewCMSans10-Regular.otf]:mode=base;script=latn;language=dflt;"
(fontspec)             -  (m/scsw) with NFSS spec.:
(fontspec)             <-8>"[NewCMSans08-Regular.otf]:mode=base;script=latn;lan
guage=dflt;+smcp;"<8>"[NewCMSans08-Regular.otf]:mode=base;script=latn;language=
dflt;+smcp;"<8->"[NewCMSans10-Regular.otf]:mode=base;script=latn;language=dflt;
+smcp;"
(fontspec)             - 'bold italic' (b/it) with NFSS spec.:
(fontspec)             <0->"[NewCMSans10-BoldOblique.otf]:mode=base;script=latn
;language=dflt;"
(fontspec)             - 'bold italic small caps'  (b/scit) with NFSS spec.:
(fontspec)             <0->"[NewCMSans10-BoldOblique.otf]:mode=base;script=latn
;language=dflt;+smcp;"
(fontspec)             - 'bold slanted' (b/sl) with NFSS spec.:
(fontspec)             <0->"[NewCMSans10-Bold.otf]:mode=base;script=latn;langua
ge=dflt;slant=0.25;"
(fontspec)             - 'bold slanted small caps'  (b/scsl) with NFSS spec.:
(fontspec)             <0->"[NewCMSans10-Bold.otf]:mode=base;script=latn;langua
ge=dflt;slant=0.25;+smcp;"
(fontspec)             - 'bold swash' (b/sw) with NFSS spec.:
(fontspec)             <0->"[NewCMSans10-Bold.otf]:mode=base;script=latn;langua
ge=dflt;"
(fontspec)             -  (b/scsw) with NFSS spec.:
(fontspec)             <0->"[NewCMSans10-Bold.otf]:mode=base;script=latn;langua
ge=dflt;+smcp;"

LaTeX Font Info:    Overwriting math alphabet `\mathrm' in version `normal'
(Font)                  TU/lmr/m/n --> TU/NewCMSans10-Regular.otf(1)/m/n on inp
ut line 180.
LaTeX Font Info:    Overwriting math alphabet `\mathit' in version `normal'
(Font)                  TU/lmr/m/it --> TU/NewCMSans10-Regular.otf(1)/m/it on i
nput line 180.
LaTeX Font Info:    Overwriting math alphabet `\mathbf' in version `normal'
(Font)                  TU/lmr/bx/n --> TU/NewCMSans10-Regular.otf(1)/b/n on in
put line 180.
LaTeX Font Info:    Overwriting math alphabet `\mathsf' in version `normal'
(Font)                  TU/lmss/m/n --> TU/NewCMSans10-Regular.otf(1)/m/n on in
put line 180.
LaTeX Font Info:    Overwriting math alphabet `\mathsf' in version `bold'
(Font)                  TU/lmss/bx/n --> TU/NewCMSans10-Regular.otf(1)/b/n on i
nput line 180.

Package fontspec Info: 
(fontspec)             Font family 'NewCMSansMath-Regular.otf(0)' created for
(fontspec)             font 'NewCMSansMath-Regular.otf' with options
(fontspec)             [Script=Math,Renderer=Base].
(fontspec)              
(fontspec)              This font family consists of the following NFSS
(fontspec)             series/shapes:
(fontspec)              
(fontspec)             - 'normal' (m/n) with NFSS spec.:
(fontspec)             <->"[NewCMSansMath-Regular.otf]:mode=base;script=math;la
nguage=dflt;"


Package fontspec Info: 
(fontspec)             Font family 'NewCMSansMath-Regular.otf(1)' created for
(fontspec)             font 'NewCMSansMath-Regular.otf' with options
(fontspec)             [Script=Math,Renderer=Base,Style=MathScript].
(fontspec)              
(fontspec)              This font family consists of the following NFSS
(fontspec)             series/shapes:
(fontspec)              
(fontspec)             - 'normal' (m/n) with NFSS spec.:
(fontspec)             <->"[NewCMSansMath-Regular.otf]:mode=base;script=math;la
nguage=dflt;+ssty=0;"


Package fontspec Info: 
(fontspec)             Font family 'NewCMSansMath-Regular.otf(2)' created for
(fontspec)             font 'NewCMSansMath-Regular.otf' with options
(fontspec)             [Script=Math,Renderer=Base,Style=MathScriptScript].
(fontspec)              
(fontspec)              This font family consists of the following NFSS
(fontspec)             series/shapes:
(fontspec)              
(fontspec)             - 'normal' (m/n) with NFSS spec.:
(fontspec)             <->"[NewCMSansMath-Regular.otf]:mode=base;script=math;la
nguage=dflt;+ssty=1;"

LaTeX Font Info:    Redeclaring symbol font `lummain' on input line 181.
LaTeX Font Info:    Overwriting symbol font `lummain' in version `normal'
(Font)                  TU/lmm/m/n --> TU/NewCMSansMath-Regular.otf(0)/m/n on i
nput line 181.
LaTeX Font Info:    Overwriting symbol font `lummain' in version `bold'
(Font)                  TU/lmm/b/n --> TU/NewCMSansMath-Regular.otf(0)/m/n on i
nput line 181.
LaTeX Font Info:    Overwriting symbol font `lummain' in version `bold'
(Font)                  TU/NewCMSansMath-Regular.otf(0)/m/n --> TU/NewCMSansMat
h-Regular.otf(0)/b/n on input line 181.

(/usr/local/texlive/2026/texmf-dist/tex/latex/hyperref/hyperref.sty
Package: hyperref 2026-06-17 v7.01r Hypertext links for LaTeX

(/usr/local/texlive/2026/texmf-dist/tex/latex/kvsetkeys/kvsetkeys.sty
Package: kvsetkeys 2022-10-05 v1.19 Key value parser (HO)
)
(/usr/local/texlive/2026/texmf-dist/tex/generic/kvdefinekeys/kvdefinekeys.sty
Package: kvdefinekeys 2019-12-19 v1.6 Define keys (HO)
)
(/usr/local/texlive/2026/texmf-dist/tex/generic/pdfescape/pdfescape.sty
Package: pdfescape 2019/12/09 v1.15 Implements pdfTeX's escape features (HO)

(/usr/local/texlive/2026/texmf-dist/tex/generic/ltxcmds/ltxcmds.sty
Package: ltxcmds 2023-12-04 v1.26 LaTeX kernel commands for general use (HO)
)
(/usr/local/texlive/2026/texmf-dist/tex/generic/pdftexcmds/pdftexcmds.sty
Package: pdftexcmds 2020-06-27 v0.33 Utility functions of pdfTeX for LuaTeX (HO
)

(/usr/local/texlive/2026/texmf-dist/tex/generic/infwarerr/infwarerr.sty
Package: infwarerr 2019/12/03 v1.5 Providing info/warning/error messages (HO)
)
Package pdftexcmds Info: \pdf@primitive is available.
Package pdftexcmds Info: \pdf@ifprimitive is available.
Package pdftexcmds Info: \pdfdraftmode found.
\pdftexcmds@toks=\toks25
))
(/usr/local/texlive/2026/texmf-dist/tex/latex/hycolor/hycolor.sty
Package: hycolor 2020-01-27 v1.10 Color options for hyperref/bookmark (HO)
)
(/usr/local/texlive/2026/texmf-dist/tex/latex/hyperref/nameref.sty
Package: nameref 2026-01-29 v2.58 Cross-referencing by name of section

(/usr/local/texlive/2026/texmf-dist/tex/latex/refcount/refcount.sty
Package: refcount 2019/12/15 v3.6 Data extraction from label references (HO)
)
(/usr/local/texlive/2026/texmf-dist/tex/generic/gettitlestring/gettitlestring.s
ty
Package: gettitlestring 2019/12/15 v1.6 Cleanup title references (HO)
 (/usr/local/texlive/2026/texmf-dist/tex/latex/kvoptions/kvoptions.sty
Package: kvoptions 2022-06-15 v3.15 Key value format for package options (HO)
))
\c@section@level=\count350
)
(/usr/local/texlive/2026/texmf-dist/tex/latex/etoolbox/etoolbox.sty
Package: etoolbox 2025/10/02 v2.5m e-TeX tools for LaTeX (JAW)
\etb@tempcnta=\count351
)
(/usr/local/texlive/2026/texmf-dist/tex/generic/stringenc/stringenc.sty
Package: stringenc 2019/11/29 v1.12 Convert strings between diff. encodings (HO
)
)
\@linkdim=\dimen187
\Hy@linkcounter=\count352
\Hy@pagecounter=\count353

(/usr/local/texlive/2026/texmf-dist/tex/latex/hyperref/pd1enc.def
File: pd1enc.def 2026-06-17 v7.01r Hyperref: PDFDocEncoding definition (HO)
)
(/usr/local/texlive/2026/texmf-dist/tex/generic/intcalc/intcalc.sty
Package: intcalc 2019/12/15 v1.3 Expandable calculations with integers (HO)
)
\Hy@SavedSpaceFactor=\count354

(/usr/local/texlive/2026/texmf-dist/tex/latex/hyperref/puenc.def
File: puenc.def 2026-06-17 v7.01r Hyperref: PDF Unicode definition (HO)
)
Package hyperref Info: Hyper figures OFF on input line 4199.
Package hyperref Info: Link nesting OFF on input line 4204.
Package hyperref Info: Hyper index ON on input line 4207.
Package hyperref Info: Plain pages OFF on input line 4214.
Package hyperref Info: Backreferencing OFF on input line 4219.
Package hyperref Info: Implicit mode ON; LaTeX internals redefined.
Package hyperref Info: Bookmarks ON on input line 4466.
\c@Hy@tempcnt=\count355

(/usr/local/texlive/2026/texmf-dist/tex/latex/url/url.sty
\Urlmuskip=\muskip18
Package: url 2013/09/16  ver 3.4  Verb mode for urls, etc.
)
LaTeX Info: Redefining \url on input line 4805.
\XeTeXLinkMargin=\dimen188

(/usr/local/texlive/2026/texmf-dist/tex/generic/bitset/bitset.sty
Package: bitset 2019/12/09 v1.3 Handle bit-vector datatype (HO)

(/usr/local/texlive/2026/texmf-dist/tex/generic/bigintcalc/bigintcalc.sty
Package: bigintcalc 2019/12/15 v1.5 Expandable calculations on big integers (HO
)
))
\Fld@menulength=\count356
\Field@Width=\dimen189
\Fld@charsize=\dimen190
Package hyperref Info: Hyper figures OFF on input line 6091.
Package hyperref Info: Link nesting OFF on input line 6096.
Package hyperref Info: Hyper index ON on input line 6099.
Package hyperref Info: backreferencing OFF on input line 6106.
Package hyperref Info: Link coloring OFF on input line 6111.
Package hyperref Info: Link coloring with OCG OFF on input line 6116.
Package hyperref Info: PDF/A mode OFF on input line 6121.
\Hy@abspage=\count357
\c@Item=\count358
)
Package hyperref Info: Driver (custom): hgeneric-testphase.

(/usr/local/texlive/2026/texmf-dist/tex/latex/pdfmanagement/hgeneric-testphase.
def
File: hgeneric-testphase.def 2026-05-26 v0.97c generic Hyperref driver for the 
LaTeX PDF management bundle

(/usr/local/texlive/2026/texmf-dist/tex/latex/pdfmanagement/hyperref-colorschem
es.def)
LaTeX Info: Redefining \href on input line 262.
LaTeX Info: Redefining \url on input line 348.
 (/usr/local/texlive/2026/texmf-dist/tex/latex/bookmark/bookmark.sty
Package: bookmark 2026-05-21 v1.32 PDF bookmarks (HO)

(/usr/local/texlive/2026/texmf-dist/tex/latex/bookmark/bkm-luatex.def
File: bkm-luatex.def 2026-05-21 v1.32 bookmark driver for luaTeX (HO)
\BKM@id=\count359
))
\l__hyp_tmpa_box=\box66
\l__hyp_tmpa_int=\count360
\l__hyp_dest_box=\box67
\g__hyp_linknestlevel_int=\count361
\HyAnn@Count=\count362
\Fld@listcount=\count363
\Hy@SectionHShift=\skip71
)
(/usr/local/texlive/2026/texmf-dist/tex/latex/xcolor/xcolor.sty
Package: xcolor 2024/09/29 v3.02 LaTeX color extensions (UK)

(/usr/local/texlive/2026/texmf-dist/tex/latex/graphics-cfg/color.cfg
File: color.cfg 2016/01/02 v1.6 sample color configuration
)
Package xcolor Info: Driver file: luatex.def on input line 274.

(/usr/local/texlive/2026/texmf-dist/tex/latex/graphics-def/luatex.def
File: luatex.def 2025/09/29 v1.2f Graphics/color driver for luatex
)
(/usr/local/texlive/2026/texmf-dist/tex/latex/graphics/mathcolor.ltx)
Package xcolor Info: Model `cmy' substituted by `cmy0' on input line 1349.
Package xcolor Info: Model `hsb' substituted by `rgb' on input line 1353.
Package xcolor Info: Model `RGB' extended on input line 1365.
Package xcolor Info: Model `HTML' substituted by `rgb' on input line 1367.
Package xcolor Info: Model `Hsb' substituted by `hsb' on input line 1368.
Package xcolor Info: Model `tHsb' substituted by `hsb' on input line 1369.
Package xcolor Info: Model `HSB' substituted by `hsb' on input line 1370.
Package xcolor Info: Model `Gray' substituted by `gray' on input line 1371.
Package xcolor Info: Model `wave' substituted by `hsb' on input line 1372.
)
(/usr/local/texlive/2026/texmf-dist/tex/latex/pdfmanagement/xcolor-patches-tmp-
ltx.sty
Package: xcolor-patches-tmp-ltx 2026-05-26 v0.97c patch xcolor for l3color
)
\g__talk_pauses_int=\count364
\l__talk_slide_box=\box68
\g__talk_slide_int=\count365
\g__talk_frame_struct_int=\count366
\g__talk_saved_equation_int=\count367
\g__talk_saved_footnote_int=\count368
\g__talk_saved_mpfootnote_int=\count369
\g__talk_saved_parentequation_int=\count370

LaTeX template Info: Declaring template type 'footer-element' taking 1
(template)           argument(s) on line 728.

\l__talk_footelem_left_skip=\dimen191
\l__talk_footelem_right_skip=\dimen192

LaTeX template Info: Declaring template type 'header' taking 0 argument(s) on
(template)           line 764.

\l__talk_header_ht_dim=\dimen193
\l__talk_header_left_skip=\skip72
\l__talk_header_right_skip=\skip73

LaTeX template Info: Declaring template type 'footer' taking 0 argument(s) on
(template)           line 811.

\l__talk_footer_left_skip=\dimen194
\l__talk_footer_right_skip=\dimen195
\g__talk_frame_int=\count371
\l__talk_column_int=\count372
\g__talk_column_int=\count373

LaTeX template Info: Declaring template type 'floatenv' taking 2 argument(s)
(template)           on line 1167.

\c@figure=\count374
\g__talk_saved_figure_int=\count375
\c@table=\count376
\g__talk_saved_table_int=\count377
\abovecaptionskip=\skip74
\belowcaptionskip=\skip75
\g__talk_footnote_box=\box69
\l__talk_shuffle_skip=\skip76

LaTeX template Info: Declaring template type 'hidden' taking 0 argument(s) on
(template)           line 1356.

\l__talk_overprint_int=\count378
 (/usr/local/texlive/2026/texmf-dist/tex/latex/graphics/graphicx.sty
Package: graphicx 2026-05-17 v1.2e Enhanced LaTeX Graphics (DPC,SPQR)

(/usr/local/texlive/2026/texmf-dist/tex/latex/graphics/graphics.sty
Package: graphics 2026-05-17 v1.4h Standard LaTeX Graphics (DPC,SPQR)

(/usr/local/texlive/2026/texmf-dist/tex/latex/graphics/trig.sty
Package: trig 2023/12/02 v1.11 sin cos tan (DPC)
)
(/usr/local/texlive/2026/texmf-dist/tex/latex/graphics-cfg/graphics.cfg
File: graphics.cfg 2016/06/04 v1.11 sample graphics configuration
)
Package graphics Info: Driver file: luatex.def on input line 106.
)
\Gin@req@height=\dimen196
\Gin@req@width=\dimen197
)
\g__talk_opacity_group_int=\count379

LaTeX template Info: Declaring template type 'frametitle' taking 1 argument(s)
(template)           on line 1798.

\l__talk_frametitle_after_skip=\skip77
\l__talk_frametitle_before_skip=\skip78
\c@section=\count380
\g__talk_saved_section_int=\count381
\c@subsection=\count382
\g__talk_saved_subsection_int=\count383
\c@subsubsection=\count384
\g__talk_saved_subsubsection_int=\count385

LaTeX template Info: Declaring template type 'titlepage-element' taking 1
(template)           argument(s) on line 2370.

\l__talk_titlelem_after_skip=\dimen198
\l__talk_titlelem_before_skip=\dimen199

LaTeX template Info: Declaring template type 'titlepage' taking 0 argument(s)
(template)           on line 2420.

)

LaTeX template Info: Declaring instance 'std' of type header on line 29.


LaTeX template Info: Declaring instance 'std' of type footer on line 39.

\logobox=\box70
<flame-w-rgb.png, id=22, 224.84pt x 103.38625pt>
File: flame-w-rgb.png Graphic file (type png)
<use flame-w-rgb.png>
Package luatex.def Info: flame-w-rgb.png  used on input line 55.
(luatex.def)             Requested size: 29.57672pt x 13.6pt.

(/usr/local/texlive/2026/texmf-dist/tex/lualatex/luamml/luamml.sty
Package: luamml 2026-06-20 v0.9.2 Automatically generate presentational MathML 
from LuaTeX math expressions
\l__luamml_flag_int=\count386
\l__luamml_pretty_int=\count387
\tracingmathml=\count388
Custom whatsit flattened = 5
Inserting `luamml.mathflatten' in `pre_mlist_to_hlist_filter'.
Lua function __luamml_flatten_current_mlist: = 41
Lua function RegisterFamilyMapping = 42
Lua function RegisterTextFamily = 43
Inserting `luamml.to_mathml' in `pre_mlist_to_hlist_filter'.
Lua function luamml_get_last_mathml_stream:e = 44
Lua function luamml_begin_single_file: = 45
Lua function luamml_end_single_file: = 46
Lua function __luamml_register_output_hook:N = 47
Lua function __luamml_disable_output_hook: = 48
Lua function __luamml_flattened_mathgroup_begin: = 49
Lua function __luamml_flattened_mathgroup_finish: = 50
Lua function __luamml_annotate_end:we = 51
Lua function __luamml_annotate_end:e = 52
Lua function __luamml_annotate_attribute_end:e = 53
Inserting `mathml amsmath processing' in `hpack_filter'.
Lua function __luamml_array_init_col: = 54
Lua function __luamml_array_finalize_col:w = 55
Lua function __luamml_array_save_array: = 56
Lua function __luamml_array_finalize_array: = 57
\l__luamml_amsmath_tag_struct_num_int=\count389

(/usr/local/texlive/2026/texmf-dist/tex/lualatex/luamml/luamml-patches-kernel.s
ty
Package: luamml-patches-kernel 2026-06-20 v0.9.2 Feel free to add a description
 here
)
(/usr/local/texlive/2026/texmf-dist/tex/lualatex/luamml/luamml-patches-amsmath.
sty
Package: luamml-patches-amsmath 2026-06-20 v0.9.2 Feel free to add a descriptio
n here
Lua function __luamml_amsmath_add_last_to_row: = 58
Lua function __luamml_amsmath_add_box_to_row: = 59
Lua function __luamml_amsmath_set_row_columnalign:n = 60
Lua function __luamml_amsmath_save_inner_table:n = 61
Lua function __luamml_amsmath_save_smallmatrix: = 62
Lua function __luamml_amsmath_finalize_inner_table: = 63
Lua function __luamml_amsmath_finalize_table:n = 64
Lua function __luamml_amsmath_save_tag: = 65
Lua function __luamml_amsmath_save_tag_with_struct_elem:N = 66
Lua function __luamml_amsmath_set_tag: = 67
Lua function __luamml_amsmath_save_intertext_with_struct_elem:N = 68))

LaTeX template Info: Declaring instance 'basic' of type item on line 61.


LaTeX template Info: Declaring instance 'description' of type item on line 61.

 (./ltx-talk-und.aux)
\openout1 = ltx-talk-und.aux

LaTeX Font Info:    Checking defaults for OML/cmm/m/it on input line 61.
LaTeX Font Info:    ... okay on input line 61.
LaTeX Font Info:    Checking defaults for OMS/cmsy/m/n on input line 61.
LaTeX Font Info:    ... okay on input line 61.
LaTeX Font Info:    Checking defaults for OT1/cmr/m/n on input line 61.
LaTeX Font Info:    ... okay on input line 61.
LaTeX Font Info:    Checking defaults for T1/cmr/m/n on input line 61.
LaTeX Font Info:    ... okay on input line 61.
LaTeX Font Info:    Checking defaults for TS1/cmr/m/n on input line 61.
LaTeX Font Info:    ... okay on input line 61.
LaTeX Font Info:    Checking defaults for TU/lmr/m/n on input line 61.
LaTeX Font Info:    ... okay on input line 61.
LaTeX Font Info:    Checking defaults for OMX/cmex/m/n on input line 61.
LaTeX Font Info:    ... okay on input line 61.
LaTeX Font Info:    Checking defaults for U/cmr/m/n on input line 61.
LaTeX Font Info:    ... okay on input line 61.
LaTeX Font Info:    Checking defaults for PD1/pdf/m/n on input line 61.
LaTeX Font Info:    ... okay on input line 61.
LaTeX Font Info:    Checking defaults for PU/pdf/m/n on input line 61.
LaTeX Font Info:    ... okay on input line 61.
Inserting `tagpdf' in `pre_shipout_filter'.
Inserting `tagpdf' in `pre_shipout_filter'.
*geometry* driver: auto-detecting
*geometry* detected driver: luatex
*geometry* verbose mode - [ preamble ] result:
* driver: luatex
* paper: custom
* layout: <same size as paper>
* layoutoffset:(h,v)=(0.0pt,0.0pt)
* modes: 
* h-part:(L,W,R)=(28.45274pt, 448.92128pt, 28.45274pt)
* v-part:(T,H,B)=(28.45274pt, 233.31262pt, 22.76219pt)
* \paperwidth=505.82677pt
* \paperheight=284.52756pt
* \textwidth=448.92128pt
* \textheight=233.31262pt
* \oddsidemargin=-43.81725pt
* \evensidemargin=-43.81725pt
* \topmargin=-77.96053pt
* \headheight=28.45274pt
* \headsep=5.69054pt
* \topskip=11.0pt
* \footskip=17.07164pt
* \marginparwidth=4.0pt
* \marginparsep=10.0pt
* \columnsep=0.0pt
* \skip\footins=10.0pt plus 4.0pt minus 2.0pt
* \hoffset=0.0pt
* \voffset=0.0pt
* \mag=1000
* \@twocolumnfalse
* \@twosidefalse
* \@mparswitchfalse
* \@reversemarginfalse
* (1in=72.27pt=25.4mm, 1cm=28.453pt)

Package hyperref Info: Link coloring OFF on input line 61.
(/usr/local/texlive/2026/texmf-dist/tex/context/base/mkii/supp-pdf.mkii
[Loading MPS to PDF converter (version 2006.09.02).]
\scratchcounter=\count390
\scratchdimen=\dimen256
\scratchbox=\box71
\nofMPsegments=\count391
\nofMParguments=\count392
\everyMPshowfont=\toks26
\MPscratchCnt=\count393
\MPscratchDim=\dimen257
\MPnumerator=\count394
\makeMPintoPDFobject=\count395
\everyMPtoPDFconversion=\toks27
) (/usr/local/texlive/2026/texmf-dist/tex/latex/epstopdf-pkg/epstopdf-base.sty
Package: epstopdf-base 2020-01-24 v2.11 Base part for package epstopdf
Package epstopdf-base Info: Redefining graphics rule for `.eps' on input line 4
85.

(/usr/local/texlive/2026/texmf-dist/tex/latex/latexconfig/epstopdf-sys.cfg
File: epstopdf-sys.cfg 2010/07/13 v1.3 Configuration of (r)epstopdf for TeX Liv
e
))

LaTeX template Info: Declaring instance 'wallpaper' of type header on line 61.


LaTeX template Info: Declaring instance 'wallpaper' of type footer on line 61.

\g__math_luamml_iow=\write3

\openout3 = ltx-talk-und-luamml-mathml.html


Package tagpdf Info: luamml has been enabled and will create a MathML file.

<MathStats-CMYK_primary.jpg, id=33, 1129.21875pt x 225.84375pt>
File: MathStats-CMYK_primary.jpg Graphic file (type jpg)
<use MathStats-CMYK_primary.jpg>
Package luatex.def Info: MathStats-CMYK_primary.jpg  used on input line 68.
(luatex.def)             Requested size: 142.26378pt x 28.45094pt.
[1{/usr/local/texlive/2026/texmf-var/fonts/map/pdftex/updmap/pdftex.map}<./MathS
tats-CMYK_primary.jpg><./flame-w-rgb.png>] [2

]<<latex-list-css.html>><<latex-align-css.html>> (./ltx-talk-und.aux)
 ***********
LaTeX2e <2026-06-01>
L3 programming layer <2026-06-18>
 ***********


Package tagpdf Info: Finalizing the tagging structure:
(tagpdf)             Writing out ~17 structure objects
(tagpdf)             with ~14 'MC' leaf nodes.
(tagpdf)             Be patient if there are lots of objects!

Package tagpdf Info: writing ParentTree
Package tagpdf Info: writing IDTree
Package tagpdf Info: writing RoleMap
Package tagpdf Info: writing ClassMap
Package tagpdf Info: writing NameSpaces
Package tagpdf Info: writing StructElems
Package tagpdf Info: writing Root
)

Here is how much of LuaTeX's memory you used:
 24151 strings out of 475704
 125049,1648299 words of node,token memory allocated
 705 words of node memory still in use:
   13 hlist, 2 vlist, 3 rule, 4 glue, 5 kern, 2 glyph, 31 attribute, 58 glue_spe
c, 16 attribute_list, 3 write, 2 pdf_colorstack, 1 pdf_setmatrix, 1 pdf_save, 1 
pdf_restore nodes
   avail lists: 1:1,2:271,3:109,4:48,5:72,6:12,7:298,8:2,9:144,10:6,11:8
 46521 multiletter control sequences out of 65536+600000
 40 fonts using 20760395 bytes
 86i,7n,108p,397b,666s stack positions out of 10000i,1000n,20000p,200000b,200000s
</usr/local/texlive/2026/texmf-dist/fonts/opentype/public/newcomputermodern/NewC
MSans08-Regular.otf></usr/local/texlive/2026/texmf-dist/fonts/opentype/public/ne
wcomputermodern/NewCMSans10-Bold.otf></usr/local/texlive/2026/texmf-dist/fonts/o
pentype/public/newcomputermodern/NewCMSans10-Regular.otf>
Output written on ltx-talk-und.pdf (2 pages, 145283 bytes).

PDF statistics: 87 PDF objects out of 1000 (max. 8388607)
 67 compressed objects within 1 object stream
 3 named destinations out of 1000 (max. 1048576)
 221 words of extra memory for PDF output out of 10000 (max. 100000000)

